[www.obrasoft.com/test/ssmpoly/convertion/index.html]
[backblue.gif]
[fade.gif]
[index.html]
[www.obrasoft.com/test/ssmpoly/convertion/images/fav.ico]
[www.obrasoft.com/test/ssmpoly/convertion/js/jquery.js]
[www.obrasoft.com/test/ssmpoly/convertion/js/responsiveslides.min.js]
[www.obrasoft.com/test/ssmpoly/convertion/js/jquery.webticker.js]
[www.obrasoft.com/test/ssmpoly/convertion/index-2.html]
[www.obrasoft.com/test/ssmpoly/convertion/images/logo.jpg]
[www.obrasoft.com/test/ssmpoly/convertion/images/home.jpg]
[www.obrasoft.com/test/ssmpoly/convertion/images/nav.png]
[www.obrasoft.com/test/ssmpoly/convertion/images/banner.jpg]
[www.obrasoft.com/test/ssmpoly/convertion/images/banner2.jpg]
[www.obrasoft.com/test/ssmpoly/convertion/images/about.jpg]
[www.obrasoft.com/test/ssmpoly/convertion/images/hod.jpg]
[www.obrasoft.com/test/ssmpoly/convertion/images/vision.jpg]
[www.obrasoft.com/test/ssmpoly/convertion/images/vision.png]
[www.obrasoft.com/test/ssmpoly/convertion/images/mission.png]
[www.obrasoft.com/test/ssmpoly/convertion/images/mission.jpg]
[www.obrasoft.com/test/ssmpoly/convertion/images/infra.png]
[www.obrasoft.com/test/ssmpoly/convertion/library.html]
[www.obrasoft.com/test/ssmpoly/convertion/images/lab.png]
[www.obrasoft.com/test/ssmpoly/convertion/alumni.html]
[www.obrasoft.com/test/ssmpoly/convertion/images/department.png]
[www.obrasoft.com/test/ssmpoly/convertion/gallery.html]
[www.obrasoft.com/test/ssmpoly/convertion/images/g1.jpg]
[www.obrasoft.com/test/ssmpoly/convertion/images/g2.jpg]
[www.obrasoft.com/test/ssmpoly/convertion/images/g3.jpg]
[www.obrasoft.com/test/ssmpoly/convertion/images/g4.jpg]
[www.obrasoft.com/test/ssmpoly/convertion/images/g5.jpg]
[www.obrasoft.com/test/ssmpoly/convertion/images/g6.jpg]
[www.obrasoft.com/test/ssmpoly/convertion/images/footerlogo.png]
[www.obrasoft.com/test/ssmpoly/convertion/images/fb.png]
[www.obrasoft.com/test/ssmpoly/convertion/images/tr.png]
[www.obrasoft.com/test/ssmpoly/convertion/images/in.png]
[www.obrasoft.com/test/ssmpoly/convertion/images/yt.png]
[www.obrasoft.com/test/ssmpoly/convertion/js/aos.js]
[www.obrasoft.com/test/ssmpoly/convertion/index.html]
[www.obrasoft.com/test/ssmpoly/convertion/fonts/Poppins-Regulard41d.eot]
[www.obrasoft.com/test/ssmpoly/convertion/fonts/Poppins-Regular.woff]
[www.obrasoft.com/test/ssmpoly/convertion/fonts/Poppins-Regular.ttf]
[www.obrasoft.com/test/ssmpoly/convertion/fonts/montserrat-bold.woff2]
[www.obrasoft.com/test/ssmpoly/convertion/fonts/montserrat-bold.woff]
[www.obrasoft.com/test/ssmpoly/convertion/css/fonts.css]
[www.obrasoft.com/test/ssmpoly/convertion/css/aos.css]
[www.obrasoft.com/test/ssmpoly/convertion/css/superfish.css]
[www.obrasoft.com/test/ssmpoly/convertion/images/call.png]
[www.obrasoft.com/test/ssmpoly/convertion/images/line.png]
[www.obrasoft.com/test/ssmpoly/convertion/images/rightarow.png]
[www.obrasoft.com/test/ssmpoly/convertion/images/captionbg.png]
[www.obrasoft.com/test/ssmpoly/convertion/images/news.png]
[www.obrasoft.com/test/ssmpoly/convertion/images/stud.jpg]
[www.obrasoft.com/test/ssmpoly/convertion/images/FACULTIES.jpg]
[www.obrasoft.com/test/ssmpoly/convertion/images/PROGRAMMES.jpg]
[www.obrasoft.com/test/ssmpoly/convertion/images/ALUMNIES.jpg]
[www.obrasoft.com/test/ssmpoly/convertion/images/arow.jpg]
[www.obrasoft.com/test/ssmpoly/convertion/images/hodbg.jpg]
[www.obrasoft.com/test/ssmpoly/convertion/images/Infrastructure.jpg]
[www.obrasoft.com/test/ssmpoly/convertion/images/Laboratories.jpg]
[www.obrasoft.com/test/ssmpoly/convertion/images/DepartmentLibrary.jpg]
[www.obrasoft.com/test/ssmpoly/convertion/images/pagetitlebg.jpg]
[www.obrasoft.com/test/ssmpoly/convertion/images/cntcall.png]
[www.obrasoft.com/test/ssmpoly/convertion/images/cntmail.png]
[www.obrasoft.com/test/ssmpoly/convertion/images/cntaddress.png]
[www.obrasoft.com/test/ssmpoly/convertion/images/zoom.png]
[www.obrasoft.com/test/ssmpoly/convertion/images/footer.jpg]
[www.obrasoft.com/test/ssmpoly/convertion/css/main.css]
[www.obrasoft.com/test/ssmpoly/convertion/index-2.html]
[www.obrasoft.com/test/ssmpoly/convertion/library.html]
[www.obrasoft.com/test/ssmpoly/convertion/alumni.html]
[www.obrasoft.com/test/ssmpoly/convertion/gallery.html]
[www.obrasoft.com/test/ssmpoly/convertion/fonts/Poppins-Regular.svg]
[www.obrasoft.com/test/ssmpoly/convertion/images/line.html]
[www.obrasoft.com/test/ssmpoly/convertion/images/rightarow.html]
